// Jest Snapshot v1, https://goo.gl/fbAQLP

exports[`Home renders as expected 1`] = `
<div
  className="quoteContainer"
>
  <p>
    Pure mathematics is, in its way, the poetry of logical ideas.
  </p>
  <p>
    <b>
      â€” Albert Einstein
    </b>
  </p>
</div>
`;
